
C:\Personal\Business\Planning Shit\Benchmark Intelligence Software\benchmark-intelligence-main\functions\admin.js
  12:8   error  'process' is not defined  no-undef
  13:5   error  'process' is not defined  no-undef
  15:39  error  'process' is not defined  no-undef

C:\Personal\Business\Planning Shit\Benchmark Intelligence Software\benchmark-intelligence-main\functions\contractHandler.js
  239:15  error  'process' is not defined  no-undef
  240:15  error  'process' is not defined  no-undef
  243:19  error  'process' is not defined  no-undef
  244:19  error  'process' is not defined  no-undef
  262:14  error  'process' is not defined  no-undef

C:\Personal\Business\Planning Shit\Benchmark Intelligence Software\benchmark-intelligence-main\functions\debug_db.js
  35:27  error  'process' is not defined  no-undef
  35:83  error  'process' is not defined  no-undef

C:\Personal\Business\Planning Shit\Benchmark Intelligence Software\benchmark-intelligence-main\functions\index.js
  37:11  error  'event' is defined but never used  no-unused-vars

C:\Personal\Business\Planning Shit\Benchmark Intelligence Software\benchmark-intelligence-main\functions\runScraper.js
   5:20  error  'process' is not defined  no-undef
   5:39  error  'process' is not defined  no-undef
   5:69  error  'process' is not defined  no-undef
   5:94  error  'process' is not defined  no-undef
  13:9   error  'process' is not defined  no-undef
  17:9   error  'process' is not defined  no-undef

C:\Personal\Business\Planning Shit\Benchmark Intelligence Software\benchmark-intelligence-main\functions\scraper.js
   57:16  error  'fetchDetailWithPage' is defined but never used. Allowed unused vars must match /^[A-Z_]/u  no-unused-vars
   61:14  error  '_' is defined but never used                                                               no-unused-vars
  189:26  error  'err' is defined but never used                                                             no-unused-vars
  197:26  error  'err' is defined but never used                                                             no-unused-vars

C:\Personal\Business\Planning Shit\Benchmark Intelligence Software\benchmark-intelligence-main\functions\test_click_navigate.js
  32:22  error  'err' is defined but never used  no-unused-vars
  55:26  error  'err' is defined but never used  no-unused-vars

C:\Personal\Business\Planning Shit\Benchmark Intelligence Software\benchmark-intelligence-main\functions\test_direct_puppeteer.js
  15:18  error  '_' is defined but never used  no-unused-vars

C:\Personal\Business\Planning Shit\Benchmark Intelligence Software\benchmark-intelligence-main\functions\test_scraper.js
  27:14   error  'e' is defined but never used  no-unused-vars
  27:17   error  Empty block statement          no-empty
  60:111  error  'e' is defined but never used  no-unused-vars

C:\Personal\Business\Planning Shit\Benchmark Intelligence Software\benchmark-intelligence-main\functions\test_york_cookies.js
  34:22  error  'err' is defined but never used  no-unused-vars

C:\Personal\Business\Planning Shit\Benchmark Intelligence Software\benchmark-intelligence-main\src\pages\Builders.jsx
  21:12  error    'loadingRelated' is assigned a value but never used. Allowed unused vars must match /^[A-Z_]/u                                                                                                                                                            no-unused-vars
  26:11  error    'showAddForm' is assigned a value but never used. Allowed unused vars must match /^[A-Z_]/u                                                                                                                                                               no-unused-vars
  71:8   warning  React Hook useEffect has a missing dependency: 'selectedBuilder'. Either include it or remove the dependency array. You can also replace multiple useState variables with useReducer if 'setClosingBuilder' needs the current value of 'selectedBuilder'  react-hooks/exhaustive-deps

C:\Personal\Business\Planning Shit\Benchmark Intelligence Software\benchmark-intelligence-main\src\pages\Capture.jsx
  5:87  error  'where' is defined but never used. Allowed unused vars must match /^[A-Z_]/u  no-unused-vars

C:\Personal\Business\Planning Shit\Benchmark Intelligence Software\benchmark-intelligence-main\src\pages\Contracts.jsx
   4:91  error  'setDoc' is defined but never used. Allowed unused vars must match /^[A-Z_]/u                                                                                                                                                                                                                                                                                                                                                                                                                                                                                                                                                                                                                                                                                                                                                                                                                                                                                                                                                                                                                         no-unused-vars
  15:11  error  'navigate' is assigned a value but never used. Allowed unused vars must match /^[A-Z_]/u                                                                                                                                                                                                                                                                                                                                                                                                                                                                                                                                                                                                                                                                                                                                                                                                                                                                                                                                                                                                              no-unused-vars
  22:22  error  'setProjects' is assigned a value but never used. Allowed unused vars must match /^[A-Z_]/u                                                                                                                                                                                                                                                                                                                                                                                                                                                                                                                                                                                                                                                                                                                                                                                                                                                                                                                                                                                                           no-unused-vars
  72:21  error  Error: Calling setState synchronously within an effect can trigger cascading renders

Effects are intended to synchronize state between React and external systems such as manually updating the DOM, state management libraries, or other platform APIs. In general, the body of an effect should do one or both of the following:
* Update external systems with the latest state from React.
* Subscribe for updates from some external system, calling setState in a callback function when external state changes.

Calling setState synchronously within an effect body causes cascading renders that can hurt performance, and is not recommended. (https://react.dev/learn/you-might-not-need-an-effect).

  70 |             if (agreement) {
  71 |                 if (agreement.status === 'Pending') {
> 72 |                     setSigningAgreement(agreement);
     |                     ^^^^^^^^^^^^^^^^^^^ Avoid calling setState() directly within an effect
  73 |                 } else {
  74 |                     setViewingAgreement(agreement);
  75 |                 }  react-hooks/set-state-in-effect

C:\Personal\Business\Planning Shit\Benchmark Intelligence Software\benchmark-intelligence-main\src\pages\Invoices.jsx
    4:91  error  'where' is defined but never used. Allowed unused vars must match /^[A-Z_]/u                                                                                                                                                                                                                                                                                                                                                                                                                                                                                                                                                                                                                                                                                                                                                                                                                                                                                                                                                                                      no-unused-vars
   18:12  error  'isInitialLoad' is assigned a value but never used. Allowed unused vars must match /^[A-Z_]/u                                                                                                                                                                                                                                                                                                                                                                                                                                                                                                                                                                                                                                                                                                                                                                                                                                                                                                                                                                     no-unused-vars
   18:27  error  'setIsInitialLoad' is assigned a value but never used. Allowed unused vars must match /^[A-Z_]/u                                                                                                                                                                                                                                                                                                                                                                                                                                                                                                                                                                                                                                                                                                                                                                                                                                                                                                                                                                  no-unused-vars
   66:17  error  Error: Calling setState synchronously within an effect can trigger cascading renders

Effects are intended to synchronize state between React and external systems such as manually updating the DOM, state management libraries, or other platform APIs. In general, the body of an effect should do one or both of the following:
* Update external systems with the latest state from React.
* Subscribe for updates from some external system, calling setState in a callback function when external state changes.

Calling setState synchronously within an effect body causes cascading renders that can hurt performance, and is not recommended. (https://react.dev/learn/you-might-not-need-an-effect).

  64 |             const inv = invoices.find(i => i.id === id);
  65 |             if (inv) {
> 66 |                 setSelectedInvoice(inv);
     |                 ^^^^^^^^^^^^^^^^^^ Avoid calling setState() directly within an effect
  67 |             }
  68 |         } else if (!id) {
  69 |             setSelectedInvoice(null);  react-hooks/set-state-in-effect
  270:93  error  'k' is defined but never used                                                                                                                                                                                                                                                                                                                                                                                                                                                                                                                                                                                                                                                                                                                                                                                                                                                                                                                                                                                                                                     no-unused-vars
  323:55  error  'proj' is assigned a value but never used. Allowed unused vars must match /^[A-Z_]/u                                                                                                                                                                                                                                                                                                                                                                                                                                                                                                                                                                                                                                                                                                                                                                                                                                                                                                                                                                              no-unused-vars

C:\Personal\Business\Planning Shit\Benchmark Intelligence Software\benchmark-intelligence-main\src\pages\Login.jsx
  20:18  error  'err' is defined but never used  no-unused-vars

C:\Personal\Business\Planning Shit\Benchmark Intelligence Software\benchmark-intelligence-main\src\pages\PackWorkspace.jsx
  1:31  error  'useCallback' is defined but never used. Allowed unused vars must match /^[A-Z_]/u  no-unused-vars

C:\Personal\Business\Planning Shit\Benchmark Intelligence Software\benchmark-intelligence-main\src\pages\Projects.jsx
    5:110  error    'limit' is defined but never used. Allowed unused vars must match /^[A-Z_]/u                                                                                                                                                                              no-unused-vars
   62:12   error    'loadingRelated' is assigned a value but never used. Allowed unused vars must match /^[A-Z_]/u                                                                                                                                                            no-unused-vars
  129:8    warning  React Hook useEffect has a missing dependency: 'selectedProject'. Either include it or remove the dependency array. You can also replace multiple useState variables with useReducer if 'setClosingProject' needs the current value of 'selectedProject'  react-hooks/exhaustive-deps
  456:204  error    'e' is defined but never used                                                                                                                                                                                                                             no-unused-vars

C:\Personal\Business\Planning Shit\Benchmark Intelligence Software\benchmark-intelligence-main\src\pages\SignContract.jsx
  4:34  error  'serverTimestamp' is defined but never used. Allowed unused vars must match /^[A-Z_]/u  no-unused-vars

??? 49 problems (47 errors, 2 warnings)

